// Jest Snapshot v1, https://goo.gl/fbAQLP

exports[`Helmet renders correctly 1`] = `ReactWrapper {}`;
